// Jest Snapshot v1, https://goo.gl/fbAQLP

exports[`Main --- Snapshot Capturing Snapshot of Main 1`] = `
<div
  className="c-workflow-execution"
>
  <nav
    style={
      Object {
        "gridArea": "header",
        "marginBottom": "1rem",
        "width": "15rem",
      }
    }
  >
    <NavigateBack
      text="Back to Activity"
      to="/activity"
    />
  </nav>
  <div
    className="c-time-progress-bar"
  >
    <div
      className="b-time-progress-bar"
    >
      <div
        className="b-time-progress-bar__start"
      >
        Start
      </div>
      <div
        className="b-time-progress-bar__finish"
      >
        Finish
      </div>
      <div
        className="b-time-progress-bar__fillers"
      />
    </div>
  </div>
  <div
    className="c-workflow-diagram-execution"
  />
  <aside
    style={
      Object {
        "gridArea": "sidebar",
      }
    }
  >
    <div
      className="c-workflow-summary"
    >
      <div
        className="s-workflow-summary-title"
      >
        Workflow
      </div>
      <div
        className="c-workflow-summary-details"
      >
        <div
          className="b-workflow-summary-field"
        >
          <div
            className="b-workflow-summary-field__key"
          >
            Description
          </div>
          <div
            className="b-workflow-summary-field__value"
          >
            ---
          </div>
        </div>
        <div
          className="b-workflow-summary-field"
        >
          <div
            className="b-workflow-summary-field__key"
          >
            Version
          </div>
          <div
            className="b-workflow-summary-field__value"
          >
            1
          </div>
        </div>
        <div
          className="b-workflow-summary-field"
        >
          <div
            className="b-workflow-summary-field__key"
          >
            Status
          </div>
          <div
            className="b-workflow-summary-field__value"
          >
            Not Started
            <img
              alt="Status undefined"
              className="b-activity-card__status-icon"
              src="pending.svg"
            />
          </div>
        </div>
        <div
          className="b-workflow-summary-field"
        >
          <div
            className="b-workflow-summary-field__key"
          >
            Start Time
          </div>
          <div
            className="b-workflow-summary-field__value"
          >
            December 31st 2017, 7:00:00 pm
          </div>
        </div>
        <div
          className="b-workflow-summary-field"
        >
          <div
            className="b-workflow-summary-field__key"
          >
            Duration
          </div>
          <div
            className="b-workflow-summary-field__value"
          >
            ---
          </div>
        </div>
      </div>
    </div>
  </aside>
</div>
`;
