// Jest Snapshot v1, https://goo.gl/fbAQLP

exports[`WorkflowActivity --- Snapshot Capturing Snapshot of WorkflowActivity 1`] = `null`;
