// Jest Snapshot v1, https://goo.gl/fbAQLP

exports[`WorkflowCard --- Snapshot Capturing Snapshot of WorkflowCard 1`] = `
<div
  className="c-workflow-card"
>
  <div
    aria-expanded={false}
    aria-haspopup={true}
    aria-label="card menu"
    className="b-workflow-card__menu bx--overflow-menu"
    onClick={[Function]}
    onClose={[Function]}
    onKeyDown={[Function]}
    open={false}
    role="button"
    style={
      Object {
        "position": "absolute",
        "right": "0",
      }
    }
    tabIndex={0}
  >
    <svg
      aria-label="overflow menu icon"
      className="bx--overflow-menu__icon"
      focusable="false"
      height={16}
      onClick={[Function]}
      onKeyDown={[Function]}
      preserveAspectRatio="xMidYMid meet"
      role="img"
      style={
        Object {
          "willChange": "transform",
        }
      }
      viewBox="0 0 16 16"
      width={16}
      xmlns="http://www.w3.org/2000/svg"
    >
      <circle
        cx="8"
        cy="3"
        r="1"
      />
      <circle
        cx="8"
        cy="8"
        r="1"
      />
      <circle
        cx="8"
        cy="13"
        r="1"
      />
      <title>
        overflow menu icon
      </title>
    </svg>
  </div>
  <div
    className="c-workflow-card-info"
  >
    <div
      className="c-workflow-card__icon"
    >
      <img
        alt="icon"
        className="b-workflow-card__icon"
      />
    </div>
    <button
      className="c-workflow-card__description"
      onClick={[Function]}
    >
      <h2
        className="b-workflow-card__name"
      >
        lucas-workflow-3
      </h2>
      <p
        className="b-workflow-card__description"
      />
    </button>
  </div>
  <div
    className="b-workflow-card-launch"
  >
    <div
      onClick={[Function]}
      onKeyPress={[Function]}
      style={
        Object {
          "width": "fit-content",
        }
      }
    >
      <button
        className="bx--btn bx--btn--sm bx--btn--primary"
        disabled={false}
        tabIndex={0}
        type="button"
      >
        Execute Workflow
        <svg
          aria-hidden="true"
          aria-label="Run Workflow"
          className="bx--btn__icon"
          focusable="false"
          height={20}
          preserveAspectRatio="xMidYMid meet"
          role="img"
          style={
            Object {
              "willChange": "transform",
            }
          }
          viewBox="0 0 32 32"
          width={20}
          xmlns="http://www.w3.org/2000/svg"
        >
          <path
            d="M21 16a6 6 0 1 1-6 6 6 6 0 0 1 6-6m0-2a8 8 0 1 0 8 8 8 8 0 0 0-8-8z"
          />
          <path
            d="M26 4H6a2 2 0 0 0-2 2v20a2 2 0 0 0 2 2h4v-2H6V12h22V6a2 2 0 0 0-2-2zM6 10V6h20v4z"
          />
          <path
            d="M19 19v6l5-3-5-3z"
          />
        </svg>
      </button>
    </div>
  </div>
</div>
`;
