// Jest Snapshot v1, https://goo.gl/fbAQLP

exports[`ActivityList --- Snapshot Capturing Snapshot of ActivityList 1`] = `
Array [
  <div
    className="c-activity-list"
  >
    <a
      className="c-activities-card --completed"
      href="/activity/5bd9d8ab7eb44d0001772e64/execution/5bdade3d37dc4700011b06c3"
      onClick={[Function]}
    >
      <div
        className="c-activity-card-workflow"
      >
        <div
          className="c-activity-card-section--left"
        >
          <div
            className="c-activity-card__icon"
          >
            <img
              alt="Worklflow icon"
              className="b-activity-card__icon"
              src="flow.svg"
            />
          </div>
          <div
            className="c-activity-card-workflow-info"
          >
            <label
              className="b-activity-card__name"
            >
              Business Process Test
            </label>
            <label
              className="b-activity-card__description"
            >
              file ingestion
            </label>
          </div>
        </div>
        <div
          className="c-activity-card-section--right"
        >
          <ul
            className="c-activity-card-execution-info --first"
          >
            <li
              className="b-activity-card__row"
            >
              <label
                className="b-activity-card__label"
              >
                Team
              </label>
              <label
                className="b-activity-card__data"
              >
                Isa's Team
              </label>
            </li>
            <li
              className="b-activity-card__row"
            >
              <label
                className="b-activity-card__label"
              >
                Trigger
              </label>
              <label
                className="b-activity-card__data"
              >
                ---
              </label>
            </li>
            <li
              className="b-activity-card__row"
            >
              <label
                className="b-activity-card__label"
              >
                Initiated by
              </label>
              <label
                className="b-activity-card__data"
              >
                ---
              </label>
            </li>
          </ul>
          <ul
            className="c-activity-card-execution-info"
          >
            <li
              className="b-activity-card__row"
            >
              <label
                className="b-activity-card__label"
              >
                Start Time
              </label>
              <label
                className="b-activity-card__data"
              >
                2018-11-01 07:06 AM
              </label>
            </li>
            <li
              className="b-activity-card__row"
            >
              <label
                className="b-activity-card__label"
              >
                Duration
              </label>
              <label
                className="b-activity-card__data"
              >
                13 seconds
              </label>
            </li>
            <li
              className="b-activity-card__row"
            >
              <label
                className="b-activity-card__label"
              >
                 Status
              </label>
              <label
                className="b-activity-card__data"
              >
                <img
                  alt="Status completed"
                  className="b-activity-card__status-icon"
                  src="passed.svg"
                />
                Succeeded
              </label>
            </li>
          </ul>
        </div>
      </div>
    </a>
  </div>,
  <aside
    aria-label="Scroll to top of page"
    className="c-activities__scroll-up "
    data-testid="react-scroll-up-button"
    onClick={[Function]}
    onKeyPress={[Function]}
    role="button"
    style={Object {}}
    tabIndex={-1}
  >
    <div
      style={
        Object {
          "alignItems": "center",
          "display": "flex",
          "flexDirection": "column",
        }
      }
    >
      <img
        alt="chevron"
        className="b-activities__scroll-button"
        src="doublechevron.svg"
      />
      <label
        className="b-activities__scroll-label"
      >
        Go to top
      </label>
    </div>
  </aside>,
]
`;
