// Jest Snapshot v1, https://goo.gl/fbAQLP

exports[`ActivityCard --- Snapshot Capturing Snapshot of ActivityCard 1`] = `
<a
  className="c-activities-card --completed"
  href="/activity/5bd9d8ab7eb44d0001772e64/execution/5bdade3d37dc4700011b06c3"
  onClick={[Function]}
>
  <div
    className="c-activity-card__workflow"
  >
    <div
      className="c-activity-card__icon"
    >
      <img
        alt="icon"
        className="b-activity-card__icon"
        src="flow.svg"
      />
    </div>
    <div
      className="c-activity-card__workflow-info"
    >
      <label
        className="b-activity-card__team-name"
      >
        Isa's Team
      </label>
      <label
        className="b-activity-card__name"
      >
        Business Process Test
      </label>
      <label
        className="b-activity-card__description"
      >
        file ingestion
      </label>
    </div>
  </div>
  <div
    className="c-activity-card__activity"
  >
    <div
      className="c-activity-card__label"
    >
      <label
        className="b-activity-card__label"
      >
        Start Time
      </label>
      <label
        className="b-activity-card__data"
      >
        2018-11-01 08:06 AM
      </label>
    </div>
    <div
      className="c-activity-card__label"
    >
      <label
        className="b-activity-card__label"
      >
        Duration
      </label>
      <label
        className="b-activity-card__data"
      >
        13 seconds
      </label>
    </div>
    <div
      className="c-activity-card__label"
    >
      <label
        className="b-activity-card__label"
      >
         Status
      </label>
      <label
        className="b-activity-card__data"
      >
        <img
          alt="Status completed"
          className="b-activity-card__status-icon"
          src="passed.svg"
        />
        Succeeded
      </label>
    </div>
  </div>
</a>
`;
