// Jest Snapshot v1, https://goo.gl/fbAQLP

exports[`WorkflowInsights --- Snapshot Capturing Snapshot of WorkflowInsights 1`] = `
<div
  className="c-workflow-insights"
>
  <nav
    className="s-workflow-insights-navigation"
  >
    <NavigateBack
      text="Back to Workflows"
      to="/workflows"
    />
  </nav>
  <div
    className="c-workflow-insights-header"
  >
    <SimpleSelectFilter
      onChange={[Function]}
      options={
        Array [
          Object {
            "label": "All teams",
            "value": "none",
          },
        ]
      }
      selectedOption={
        Object {
          "label": "All teams",
          "value": "none",
        }
      }
    />
    <SearchFilterBar
      debounceTimeout={300}
      filterItems={
        Array [
          Object {
            "label": "All workflows",
            "value": "none",
          },
        ]
      }
      handleSearchFilter={[Function]}
      multiselect={false}
      options={Array []}
      searchbar={false}
      selectedOption="none"
    />
    <SimpleSelectFilter
      onChange={[Function]}
      options={
        Array [
          Object {
            "label": "1 day",
            "value": 1,
          },
          Object {
            "label": "1 week",
            "value": 7,
          },
          Object {
            "label": "1 month",
            "value": 0,
          },
          Object {
            "label": "3 months",
            "value": 0,
          },
        ]
      }
      selectedOption={
        Object {
          "label": "3 months",
          "value": 0,
        }
      }
    />
  </div>
  <div
    className="c-workflow-insights-stats-widgets"
  >
    <WidgetCard
      title="Total Executed"
      type="stat"
    >
      <p
        className="b-workflow-insights__stats-label --no-data"
      >
        No Data
      </p>
    </WidgetCard>
    <WidgetCard
      title="Median Duration"
      type="stat"
    >
      <p
        className="b-workflow-insights__stats-label --no-data"
      >
        No Data
      </p>
    </WidgetCard>
    <WidgetCard
      title="Success Rate"
      type="stat"
    >
      <p
        className="b-workflow-insights__stats-label --no-data"
      >
        No Data
      </p>
    </WidgetCard>
  </div>
  <div
    className="c-workflow-insights-graphs-widgets"
  >
    <WidgetCard
      title="Executions"
      type="graph"
    >
      <p
        className="b-workflow-insights__graphs-label --no-data"
      >
        No Data
      </p>
    </WidgetCard>
    <WidgetCard
      title="Execution Time"
      type="graph"
    >
      <p
        className="b-workflow-insights__graphs-label --no-data"
      >
        No Data
      </p>
    </WidgetCard>
  </div>
</div>
`;
