// Jest Snapshot v1, https://goo.gl/fbAQLP

exports[`WorkflowExecutionContainer --- Snapshot Capturing Snapshot of WorkflowExecutionContainer 1`] = `null`;
